******************************************************************************
                  MSP430 Linker PC v4.2.1                      
******************************************************************************
>> Linked Mon Dec 16 09:18:30 2013

OUTPUT FILE NAME:   <2231_SRF05_2.out>
ENTRY POINT SYMBOL: "_c_int00"  address: 0000fd04


MEMORY CONFIGURATION

         name            origin    length      used     unused   attr    fill
----------------------  --------  ---------  --------  --------  ----  --------
  SFR                   00000000   00000010  00000000  00000010  RWIX
  PERIPHERALS_8BIT      00000010   000000f0  00000000  000000f0  RWIX
  PERIPHERALS_16BIT     00000100   00000100  00000000  00000100  RWIX
  RAM                   00000200   00000080  00000040  00000040  RWIX
  INFOD                 00001000   00000040  00000000  00000040  RWIX
  INFOC                 00001040   00000040  00000000  00000040  RWIX
  INFOB                 00001080   00000040  00000000  00000040  RWIX
  INFOA                 000010c0   00000040  00000000  00000040  RWIX
  FLASH                 0000f800   000007e0  000005c6  0000021a  RWIX
  INT00                 0000ffe0   00000002  00000000  00000002  RWIX
  INT01                 0000ffe2   00000002  00000000  00000002  RWIX
  INT02                 0000ffe4   00000002  00000002  00000000  RWIX
  INT03                 0000ffe6   00000002  00000002  00000000  RWIX
  INT04                 0000ffe8   00000002  00000002  00000000  RWIX
  INT05                 0000ffea   00000002  00000002  00000000  RWIX
  INT06                 0000ffec   00000002  00000000  00000002  RWIX
  INT07                 0000ffee   00000002  00000000  00000002  RWIX
  INT08                 0000fff0   00000002  00000002  00000000  RWIX
  INT09                 0000fff2   00000002  00000002  00000000  RWIX
  INT10                 0000fff4   00000002  00000002  00000000  RWIX
  INT11                 0000fff6   00000002  00000000  00000002  RWIX
  INT12                 0000fff8   00000002  00000000  00000002  RWIX
  INT13                 0000fffa   00000002  00000000  00000002  RWIX
  INT14                 0000fffc   00000002  00000002  00000000  RWIX
  RESET                 0000fffe   00000002  00000002  00000000  RWIX


SECTION ALLOCATION MAP

 output                                  attributes/
section   page    origin      length       input sections
--------  ----  ----------  ----------   ----------------
.init_array 
*          0    0000f800    00000000     UNINITIALIZED

.data      0    00000200    0000000a     UNINITIALIZED
                  00000200    0000000a     main.obj (.data)

.TI.persistent 
*          0    00000200    00000000     UNINITIALIZED

.bss       0    0000020a    00000004     UNINITIALIZED
                  0000020a    00000002     (.common:k)
                  0000020c    00000002     (.common:l)

.TI.noinit 
*          0    0000020a    00000000     UNINITIALIZED

.stack     0    0000024c    00000032     UNINITIALIZED
                  0000024c    00000002     rts430_eabi.lib : boot.obj (.stack)
                  0000024e    00000030     --HOLE--

.text      0    0000f800    000005a6     
                  0000f800    00000088     main.obj (.text:prog1)
                  0000f888    00000080     main.obj (.text:waitR)
                  0000f908    00000078     main.obj (.text:getBase)
                  0000f980    00000076     main.obj (.text:getExp)
                  0000f9f6    00000060     main.obj (.text:blink)
                  0000fa56    0000005e     rts430_eabi.lib : copy_decompress_rle.obj (.text:__TI_decompress_rle_core)
                  0000fab4    0000005e                     : autoinit.obj (.text:_auto_init)
                  0000fb12    0000005e     main.obj (.text:main)
                  0000fb70    0000004c     main.obj (.text:prog3)
                  0000fbbc    0000004c     rts430_eabi.lib : lsr16.obj (.text)
                  0000fc08    00000042     main.obj (.text:waitD)
                  0000fc4a    00000034     main.obj (.text:setupTriggerPulse)
                  0000fc7e    00000026     main.obj (.text:setupGpioEchoInterrupt)
                  0000fca4    00000022     main.obj (.text:update)
                  0000fcc6    00000020     main.obj (.text:Port_2)
                  0000fce6    0000001e     main.obj (.text:prog2)
                  0000fd04    0000001a     rts430_eabi.lib : boot.obj (.text:_c_int00_noexit)
                  0000fd1e    00000016     main.obj (.text:prog4)
                  0000fd34    00000016     rts430_eabi.lib : div16u.obj (.text)
                  0000fd4a    00000014                     : copy_zero_init.obj (.text:decompress:ZI:__TI_zero_init)
                  0000fd5e    00000012                     : copy_decompress_none.obj (.text:decompress:none:__TI_decompress_none)
                  0000fd70    00000012                     : memcpy.obj (.text:memcpy)
                  0000fd82    00000010                     : epilog.obj (.text)
                  0000fd92    00000006                     : isr_trap.obj (.text:__TI_ISR_TRAP)
                  0000fd98    00000006                     : copy_decompress_rle.obj (.text:decompress:rle24:__TI_decompress_rle24)
                  0000fd9e    00000004                     : pre_init.obj (.text:_system_pre_init)
                  0000fda2    00000004                     : exit.obj (.text:abort)

.cinit     0    0000fda6    00000020     
                  0000fda6    0000000e     (.cinit..data.load) [load image]
                  0000fdb4    00000006     (__TI_handler_table)
                  0000fdba    00000004     (.cinit..bss.load) [load image, compression = zero_init]
                  0000fdbe    00000008     (__TI_cinit_table)

PORT1      0    0000ffe4    00000002     
                  0000ffe4    00000002     rts430_eabi.lib : int02.obj (.int02)

PORT2      0    0000ffe6    00000002     
                  0000ffe6    00000002     main.obj (.int03)

USI        0    0000ffe8    00000002     
                  0000ffe8    00000002     rts430_eabi.lib : int04.obj (.int04)

ADC10      0    0000ffea    00000002     
                  0000ffea    00000002     rts430_eabi.lib : int05.obj (.int05)

TIMERA1    0    0000fff0    00000002     
                  0000fff0    00000002     rts430_eabi.lib : int08.obj (.int08)

TIMERA0    0    0000fff2    00000002     
                  0000fff2    00000002     rts430_eabi.lib : int09.obj (.int09)

WDT        0    0000fff4    00000002     
                  0000fff4    00000002     rts430_eabi.lib : int10.obj (.int10)

NMI        0    0000fffc    00000002     
                  0000fffc    00000002     rts430_eabi.lib : int14.obj (.int14)

.reset     0    0000fffe    00000002     
                  0000fffe    00000002     rts430_eabi.lib : boot.obj (.reset)


LINKER GENERATED COPY TABLES

__TI_cinit_table @ 0000fdbe records: 2, size/record: 4, table size: 8
	.data: load addr=0000fda6, load size=0000000e bytes, run addr=00000200, run size=0000000a bytes, compression=copy
	.bss: load addr=0000fdba, load size=00000004 bytes, run addr=0000020a, run size=00000004 bytes, compression=zero_init


LINKER GENERATED HANDLER TABLE

__TI_handler_table @ 0000fdb4 records: 3, size/record: 2, table size: 6
	index: 0, handler: __TI_zero_init
	index: 1, handler: __TI_decompress_rle24
	index: 2, handler: __TI_decompress_none


GLOBAL SYMBOLS: SORTED ALPHABETICALLY BY Name 

address    name
--------   ----
0000004a   ADC10AE0
000001b0   ADC10CTL0
000001b2   ADC10CTL1
00000048   ADC10DTC0
00000049   ADC10DTC1
000001b4   ADC10MEM
000001bc   ADC10SA
00000057   BCSCTL1
00000058   BCSCTL2
00000053   BCSCTL3
0000fda2   C$$EXIT
000010ff   CALBC1_1MHZ
000010fe   CALDCO_1MHZ
00000056   DCOCTL
00000128   FCTL1
0000012a   FCTL2
0000012c   FCTL3
00000000   IE1
00000002   IFG1
00000022   P1DIR
00000025   P1IE
00000024   P1IES
00000023   P1IFG
00000020   P1IN
00000021   P1OUT
00000027   P1REN
00000026   P1SEL
0000002a   P2DIR
0000002d   P2IE
0000002c   P2IES
0000002b   P2IFG
00000028   P2IN
00000029   P2OUT
0000002f   P2REN
0000002e   P2SEL
0000fcc6   Port_2
00000172   TACCR0
00000174   TACCR1
00000162   TACCTL0
00000164   TACCTL1
00000160   TACTL
0000012e   TAIV
00000170   TAR
0000007a   USICCTL
0000007a   USICKCTL
0000007b   USICNT
00000078   USICTL
00000078   USICTL0
00000079   USICTL1
0000007c   USISR
0000007d   USISRH
0000007c   USISRL
00000120   WDTCTL
0000027e   __STACK_END
00000032   __STACK_SIZE
0000fdbe   __TI_CINIT_Base
0000fdc6   __TI_CINIT_Limit
0000fdb4   __TI_Handler_Table_Base
0000fdba   __TI_Handler_Table_Limit
UNDEFED    __TI_INITARRAY_Base
UNDEFED    __TI_INITARRAY_Limit
0000fd92   __TI_ISR_TRAP
00000001   __TI_args_main
0000fd5e   __TI_decompress_none
0000fd98   __TI_decompress_rle24
00000001   __TI_exit
0000ffe4   __TI_int02
0000ffe6   __TI_int03
0000ffe8   __TI_int04
0000ffea   __TI_int05
0000fff0   __TI_int08
0000fff2   __TI_int09
0000fff4   __TI_int10
0000fffc   __TI_int14
0000fd4a   __TI_zero_init
ffffffff   __binit__
ffffffff   __c_args__
0000fd34   __mspabi_divu
0000fd8e   __mspabi_func_epilog_1
0000fd8c   __mspabi_func_epilog_2
0000fd8a   __mspabi_func_epilog_3
0000fd88   __mspabi_func_epilog_4
0000fd86   __mspabi_func_epilog_5
0000fd84   __mspabi_func_epilog_6
0000fd82   __mspabi_func_epilog_7
0000fd34   __mspabi_remu
0000fbbc   __mspabi_srli
0000fc02   __mspabi_srli_1
0000fbde   __mspabi_srli_10
0000fbda   __mspabi_srli_11
0000fbd6   __mspabi_srli_12
0000fbd2   __mspabi_srli_13
0000fbce   __mspabi_srli_14
0000fbca   __mspabi_srli_15
0000fbfe   __mspabi_srli_2
0000fbfa   __mspabi_srli_3
0000fbf6   __mspabi_srli_4
0000fbf2   __mspabi_srli_5
0000fbee   __mspabi_srli_6
0000fbea   __mspabi_srli_7
0000fbe6   __mspabi_srli_8
0000fbe2   __mspabi_srli_9
0000fab4   _auto_init
0000fd04   _c_int00
0000fd04   _c_int00_noexit
0000fffe   _reset_vector
0000024c   _stack
0000fd9e   _system_pre_init
0000fda2   abort
ffffffff   binit
0000f9f6   blink
0000f908   getBase
0000f980   getExp
00000200   i
00000202   j
0000020a   k
00000204   kPtr
0000020c   l
00000206   lPtr
0000fb12   main
0000fd70   memcpy
0000f800   prog1
0000fce6   prog2
0000fb70   prog3
0000fd1e   prog4
0000fc7e   setupGpioEchoInterrupt
0000fc4a   setupTriggerPulse
0000fca4   update
0000fc08   waitD
0000f888   waitR


GLOBAL SYMBOLS: SORTED BY Symbol Address 

address    name
--------   ----
00000000   IE1
00000001   __TI_args_main
00000001   __TI_exit
00000002   IFG1
00000020   P1IN
00000021   P1OUT
00000022   P1DIR
00000023   P1IFG
00000024   P1IES
00000025   P1IE
00000026   P1SEL
00000027   P1REN
00000028   P2IN
00000029   P2OUT
0000002a   P2DIR
0000002b   P2IFG
0000002c   P2IES
0000002d   P2IE
0000002e   P2SEL
0000002f   P2REN
00000032   __STACK_SIZE
00000048   ADC10DTC0
00000049   ADC10DTC1
0000004a   ADC10AE0
00000053   BCSCTL3
00000056   DCOCTL
00000057   BCSCTL1
00000058   BCSCTL2
00000078   USICTL
00000078   USICTL0
00000079   USICTL1
0000007a   USICCTL
0000007a   USICKCTL
0000007b   USICNT
0000007c   USISR
0000007c   USISRL
0000007d   USISRH
00000120   WDTCTL
00000128   FCTL1
0000012a   FCTL2
0000012c   FCTL3
0000012e   TAIV
00000160   TACTL
00000162   TACCTL0
00000164   TACCTL1
00000170   TAR
00000172   TACCR0
00000174   TACCR1
000001b0   ADC10CTL0
000001b2   ADC10CTL1
000001b4   ADC10MEM
000001bc   ADC10SA
00000200   i
00000202   j
00000204   kPtr
00000206   lPtr
0000020a   k
0000020c   l
0000024c   _stack
0000027e   __STACK_END
000010fe   CALDCO_1MHZ
000010ff   CALBC1_1MHZ
0000f800   prog1
0000f888   waitR
0000f908   getBase
0000f980   getExp
0000f9f6   blink
0000fab4   _auto_init
0000fb12   main
0000fb70   prog3
0000fbbc   __mspabi_srli
0000fbca   __mspabi_srli_15
0000fbce   __mspabi_srli_14
0000fbd2   __mspabi_srli_13
0000fbd6   __mspabi_srli_12
0000fbda   __mspabi_srli_11
0000fbde   __mspabi_srli_10
0000fbe2   __mspabi_srli_9
0000fbe6   __mspabi_srli_8
0000fbea   __mspabi_srli_7
0000fbee   __mspabi_srli_6
0000fbf2   __mspabi_srli_5
0000fbf6   __mspabi_srli_4
0000fbfa   __mspabi_srli_3
0000fbfe   __mspabi_srli_2
0000fc02   __mspabi_srli_1
0000fc08   waitD
0000fc4a   setupTriggerPulse
0000fc7e   setupGpioEchoInterrupt
0000fca4   update
0000fcc6   Port_2
0000fce6   prog2
0000fd04   _c_int00
0000fd04   _c_int00_noexit
0000fd1e   prog4
0000fd34   __mspabi_divu
0000fd34   __mspabi_remu
0000fd4a   __TI_zero_init
0000fd5e   __TI_decompress_none
0000fd70   memcpy
0000fd82   __mspabi_func_epilog_7
0000fd84   __mspabi_func_epilog_6
0000fd86   __mspabi_func_epilog_5
0000fd88   __mspabi_func_epilog_4
0000fd8a   __mspabi_func_epilog_3
0000fd8c   __mspabi_func_epilog_2
0000fd8e   __mspabi_func_epilog_1
0000fd92   __TI_ISR_TRAP
0000fd98   __TI_decompress_rle24
0000fd9e   _system_pre_init
0000fda2   C$$EXIT
0000fda2   abort
0000fdb4   __TI_Handler_Table_Base
0000fdba   __TI_Handler_Table_Limit
0000fdbe   __TI_CINIT_Base
0000fdc6   __TI_CINIT_Limit
0000ffe4   __TI_int02
0000ffe6   __TI_int03
0000ffe8   __TI_int04
0000ffea   __TI_int05
0000fff0   __TI_int08
0000fff2   __TI_int09
0000fff4   __TI_int10
0000fffc   __TI_int14
0000fffe   _reset_vector
ffffffff   __binit__
ffffffff   __c_args__
ffffffff   binit
UNDEFED    __TI_INITARRAY_Base
UNDEFED    __TI_INITARRAY_Limit

[130 symbols]
